LISTING FOR LOGIC DESCRIPTION FILE: Transmissor.pld                  Page 1

CUPL(WM): Universal Compiler for Programmable Logic
Version 5.0a Serial# MW-10400000
Copyright (c) 1983, 1998 Logical Devices, Inc.
Created Mon Oct 10 13:15:32 2011

  1:/* ---------- Header Session ---------*/
  2:Name            Transmissor;
  3:PartNo          00;
  4:Date            28-9-2011;
  5:Revision        01;
  6:Designer        Engenheiro;
  7:Company         ISEL;
  8:Assembly        None;
  9:Location        Lisboa;
 10:Device          v750c;
 11:/* ---------- Pin Session ---------*/
 12:
 13:PIN 1 = MCLK;
 14:PIN 2 = MIck;
 15:PIN 3 = MIxD;
 16://PIN 9 = CLEAR;

 17:
 18://OUTPUT PINS

 19:
 20:PINNODE 25 = Q0;
 21:PINNODE 26  = !Q1;
 22:PINNODE 27  = !Q2;
 23:PINNODE 28  = !Q3;
 24:PINNODE 29 = !Q4;
 25:PINNODE 30 = !Q5;
 26:
 27:PIN 23 = CLEAR;
 28:PIN 22 = BUSY;
 29:PIN 21 = DISP;
 30:PIN 20 = LCD;
 31:PIN 19 = D0;
 32:PIN 18 = D1;
 33:PIN 17 = D2;
 34:PIN 16 = LnDS;
 35:
 36:/* ---------- Program Session ---------*/
 37:
 38:[Q5..0].ar=!CLEAR;
 39:[Q5..0].sp='b'0;
 40:[Q5..0].ck=MIck;
 41:
 42:[D2..0].ar ='b'0;
 43:[D2..0].sp ='b'0;
 44:[D2..0].ck =MCLK;
 45:
 46:Q0.d = MIxD;
 47:Q1.d = !Q0;
 48:Q2.d = Q1;
 49:Q3.d = Q2;
 50:Q4.d = Q3;
 51:Q5.d = Q4;
 52:LnDS = Q5;
 53:

LISTING FOR LOGIC DESCRIPTION FILE: Transmissor.pld                  Page 2

CUPL(WM): Universal Compiler for Programmable Logic
Version 5.0a Serial# MW-10400000
Copyright (c) 1983, 1998 Logical Devices, Inc.
Created Mon Oct 10 13:15:32 2011

 54:SEQUENCE [D2,D1,D0]
 55:{
 56:        PRESENT 0
 57:            IF MIxD NEXT 1;
 58:            NEXT 0;                    
 59:        PRESENT 1
 60:            OUT CLEAR;
 61:            IF MIxD NEXT 1;
 62:            IF !MIck NEXT 2;
 63:            NEXT 0;
 64:        PRESENT 2
 65:            IF LnDS NEXT 3;
 66:            NEXT 2;
 67:        PRESENT 3
 68:            IF MIck NEXT 4;
 69:            NEXT 3;
 70:        PRESENT 4
 71:            IF !MIck NEXT 5;
 72:            NEXT 4;
 73:        PRESENT 5
 74:            OUT BUSY;
 75:            IF LnDS NEXT 6;
 76:            NEXT 7;  
 77:        PRESENT 6
 78:            OUT LCD, BUSY;
 79:            NEXT 0;
 80:        PRESENT 7
 81:            OUT DISP, BUSY;
 82:            NEXT 0;
 83:
 84:
 85:}
 86:
 87:
 88:
 89:
 90:
 91:



Jedec Fuse Checksum       (cf13)
Jedec Transmit Checksum   (8677)
